stm32f4xx_hal_uart.c:317:19:HAL_UART_Init	16	static
stm32f4xx_hal_uart.c:392:19:HAL_HalfDuplex_Init	16	static
stm32f4xx_hal_uart.c:465:19:HAL_LIN_Init	16	static
stm32f4xx_hal_uart.c:546:19:HAL_MultiProcessor_Init	24	static
stm32f4xx_hal_uart.c:623:19:HAL_UART_DeInit	16	static
stm32f4xx_hal_uart.c:667:13:HAL_UART_MspInit	16	static
stm32f4xx_hal_uart.c:682:13:HAL_UART_MspDeInit	16	static
stm32f4xx_hal_uart.c:1019:19:HAL_UART_Transmit	40	static
stm32f4xx_hal_uart.c:1101:19:HAL_UART_Receive	40	static
stm32f4xx_hal_uart.c:1189:19:HAL_UART_Transmit_IT	24	static
stm32f4xx_hal_uart.c:1231:19:HAL_UART_Receive_IT	24	static
stm32f4xx_hal_uart.c:1279:19:HAL_UART_Transmit_DMA	32	static
stm32f4xx_hal_uart.c:1344:19:HAL_UART_Receive_DMA	32	static
stm32f4xx_hal_uart.c:1411:19:HAL_UART_DMAPause	24	static
stm32f4xx_hal_uart.c:1448:19:HAL_UART_DMAResume	24	static
stm32f4xx_hal_uart.c:1484:19:HAL_UART_DMAStop	24	static
stm32f4xx_hal_uart.c:1536:19:HAL_UART_Abort	16	static
stm32f4xx_hal_uart.c:1618:19:HAL_UART_AbortTransmit	16	static
stm32f4xx_hal_uart.c:1669:19:HAL_UART_AbortReceive	16	static
stm32f4xx_hal_uart.c:1723:19:HAL_UART_Abort_IT	24	static
stm32f4xx_hal_uart.c:1851:19:HAL_UART_AbortTransmit_IT	16	static
stm32f4xx_hal_uart.c:1928:19:HAL_UART_AbortReceive_IT	16	static
stm32f4xx_hal_uart.c:1998:6:HAL_UART_IRQHandler	40	static
stm32f4xx_hal_uart.c:2144:13:HAL_UART_TxCpltCallback	16	static
stm32f4xx_hal_uart.c:2159:13:HAL_UART_TxHalfCpltCallback	16	static
stm32f4xx_hal_uart.c:2174:13:HAL_UART_RxCpltCallback	16	static
stm32f4xx_hal_uart.c:2189:13:HAL_UART_RxHalfCpltCallback	16	static
stm32f4xx_hal_uart.c:2204:13:HAL_UART_ErrorCallback	16	static
stm32f4xx_hal_uart.c:2218:13:HAL_UART_AbortCpltCallback	16	static
stm32f4xx_hal_uart.c:2233:13:HAL_UART_AbortTransmitCpltCallback	16	static
stm32f4xx_hal_uart.c:2248:13:HAL_UART_AbortReceiveCpltCallback	16	static
stm32f4xx_hal_uart.c:2287:19:HAL_LIN_SendBreak	16	static
stm32f4xx_hal_uart.c:2314:19:HAL_MultiProcessor_EnterMuteMode	16	static
stm32f4xx_hal_uart.c:2341:19:HAL_MultiProcessor_ExitMuteMode	16	static
stm32f4xx_hal_uart.c:2368:19:HAL_HalfDuplex_EnableTransmitter	24	static
stm32f4xx_hal_uart.c:2403:19:HAL_HalfDuplex_EnableReceiver	24	static
stm32f4xx_hal_uart.c:2460:23:HAL_UART_GetState	24	static
stm32f4xx_hal_uart.c:2475:10:HAL_UART_GetError	16	static
stm32f4xx_hal_uart.c:2519:13:UART_DMATransmitCplt	24	static
stm32f4xx_hal_uart.c:2554:13:UART_DMATxHalfCplt	24	static
stm32f4xx_hal_uart.c:2573:13:UART_DMAReceiveCplt	24	static
stm32f4xx_hal_uart.c:2607:13:UART_DMARxHalfCplt	24	static
stm32f4xx_hal_uart.c:2626:13:UART_DMAError	24	static
stm32f4xx_hal_uart.c:2667:26:UART_WaitOnFlagUntilTimeout	24	static
stm32f4xx_hal_uart.c:2699:13:UART_EndTxTransfer	16	static
stm32f4xx_hal_uart.c:2713:13:UART_EndRxTransfer	16	static
stm32f4xx_hal_uart.c:2730:13:UART_DMAAbortOnError	24	static
stm32f4xx_hal_uart.c:2754:13:UART_DMATxAbortCallback	24	static
stm32f4xx_hal_uart.c:2799:13:UART_DMARxAbortCallback	24	static
stm32f4xx_hal_uart.c:2844:13:UART_DMATxOnlyAbortCallback	24	static
stm32f4xx_hal_uart.c:2872:13:UART_DMARxOnlyAbortCallback	24	static
stm32f4xx_hal_uart.c:2897:26:UART_Transmit_IT	24	static
stm32f4xx_hal_uart.c:2944:26:UART_EndTransmit_IT	16	static
stm32f4xx_hal_uart.c:2969:26:UART_Receive_IT	24	static
stm32f4xx_hal_uart.c:3040:13:UART_SetConfig	32	static
