stm32f4xx_hal_tim.c:257:19:HAL_TIM_Base_Init	16	static
stm32f4xx_hal_tim.c:309:19:HAL_TIM_Base_DeInit	16	static
stm32f4xx_hal_tim.c:345:13:HAL_TIM_Base_MspInit	16	static
stm32f4xx_hal_tim.c:360:13:HAL_TIM_Base_MspDeInit	16	static
stm32f4xx_hal_tim.c:376:19:HAL_TIM_Base_Start	24	static
stm32f4xx_hal_tim.c:405:19:HAL_TIM_Base_Stop	16	static
stm32f4xx_hal_tim.c:428:19:HAL_TIM_Base_Start_IT	24	static
stm32f4xx_hal_tim.c:454:19:HAL_TIM_Base_Stop_IT	16	static
stm32f4xx_hal_tim.c:475:19:HAL_TIM_Base_Start_DMA	32	static
stm32f4xx_hal_tim.c:534:19:HAL_TIM_Base_Stop_DMA	16	static
stm32f4xx_hal_tim.c:589:19:HAL_TIM_OC_Init	16	static
stm32f4xx_hal_tim.c:641:19:HAL_TIM_OC_DeInit	16	static
stm32f4xx_hal_tim.c:677:13:HAL_TIM_OC_MspInit	16	static
stm32f4xx_hal_tim.c:692:13:HAL_TIM_OC_MspDeInit	16	static
stm32f4xx_hal_tim.c:713:19:HAL_TIM_OC_Start	24	static
stm32f4xx_hal_tim.c:751:19:HAL_TIM_OC_Stop	16	static
stm32f4xx_hal_tim.c:783:19:HAL_TIM_OC_Start_IT	24	static
stm32f4xx_hal_tim.c:855:19:HAL_TIM_OC_Stop_IT	16	static
stm32f4xx_hal_tim.c:923:19:HAL_TIM_OC_Start_DMA	32	static
stm32f4xx_hal_tim.c:1065:19:HAL_TIM_OC_Stop_DMA	16	static
stm32f4xx_hal_tim.c:1162:19:HAL_TIM_PWM_Init	16	static
stm32f4xx_hal_tim.c:1214:19:HAL_TIM_PWM_DeInit	16	static
stm32f4xx_hal_tim.c:1250:13:HAL_TIM_PWM_MspInit	16	static
stm32f4xx_hal_tim.c:1265:13:HAL_TIM_PWM_MspDeInit	16	static
stm32f4xx_hal_tim.c:1286:19:HAL_TIM_PWM_Start	24	static
stm32f4xx_hal_tim.c:1324:19:HAL_TIM_PWM_Stop	16	static
stm32f4xx_hal_tim.c:1359:19:HAL_TIM_PWM_Start_IT	24	static
stm32f4xx_hal_tim.c:1430:19:HAL_TIM_PWM_Stop_IT	16	static
stm32f4xx_hal_tim.c:1498:19:HAL_TIM_PWM_Start_DMA	32	static
stm32f4xx_hal_tim.c:1639:19:HAL_TIM_PWM_Stop_DMA	16	static
stm32f4xx_hal_tim.c:1736:19:HAL_TIM_IC_Init	16	static
stm32f4xx_hal_tim.c:1788:19:HAL_TIM_IC_DeInit	16	static
stm32f4xx_hal_tim.c:1824:13:HAL_TIM_IC_MspInit	16	static
stm32f4xx_hal_tim.c:1839:13:HAL_TIM_IC_MspDeInit	16	static
stm32f4xx_hal_tim.c:1860:19:HAL_TIM_IC_Start	24	static
stm32f4xx_hal_tim.c:1892:19:HAL_TIM_IC_Stop	16	static
stm32f4xx_hal_tim.c:1918:19:HAL_TIM_IC_Start_IT	24	static
stm32f4xx_hal_tim.c:1983:19:HAL_TIM_IC_Stop_IT	16	static
stm32f4xx_hal_tim.c:2045:19:HAL_TIM_IC_Start_DMA	32	static
stm32f4xx_hal_tim.c:2180:19:HAL_TIM_IC_Stop_DMA	16	static
stm32f4xx_hal_tim.c:2275:19:HAL_TIM_OnePulse_Init	16	static
stm32f4xx_hal_tim.c:2334:19:HAL_TIM_OnePulse_DeInit	16	static
stm32f4xx_hal_tim.c:2370:13:HAL_TIM_OnePulse_MspInit	16	static
stm32f4xx_hal_tim.c:2385:13:HAL_TIM_OnePulse_MspDeInit	16	static
stm32f4xx_hal_tim.c:2404:19:HAL_TIM_OnePulse_Start	16	static
stm32f4xx_hal_tim.c:2440:19:HAL_TIM_OnePulse_Stop	16	static
stm32f4xx_hal_tim.c:2476:19:HAL_TIM_OnePulse_Start_IT	16	static
stm32f4xx_hal_tim.c:2518:19:HAL_TIM_OnePulse_Stop_IT	16	static
stm32f4xx_hal_tim.c:2588:19:HAL_TIM_Encoder_Init	32	static
stm32f4xx_hal_tim.c:2693:19:HAL_TIM_Encoder_DeInit	16	static
stm32f4xx_hal_tim.c:2729:13:HAL_TIM_Encoder_MspInit	16	static
stm32f4xx_hal_tim.c:2744:13:HAL_TIM_Encoder_MspDeInit	16	static
stm32f4xx_hal_tim.c:2764:19:HAL_TIM_Encoder_Start	16	static
stm32f4xx_hal_tim.c:2808:19:HAL_TIM_Encoder_Stop	16	static
stm32f4xx_hal_tim.c:2854:19:HAL_TIM_Encoder_Start_IT	16	static
stm32f4xx_hal_tim.c:2904:19:HAL_TIM_Encoder_Stop_IT	16	static
stm32f4xx_hal_tim.c:2958:19:HAL_TIM_Encoder_Start_DMA	24	static
stm32f4xx_hal_tim.c:3092:19:HAL_TIM_Encoder_Stop_DMA	16	static
stm32f4xx_hal_tim.c:3158:6:HAL_TIM_IRQHandler	16	static
stm32f4xx_hal_tim.c:3373:19:HAL_TIM_OC_ConfigChannel	24	static
stm32f4xx_hal_tim.c:3453:19:HAL_TIM_IC_ConfigChannel	24	static
stm32f4xx_hal_tim.c:3550:19:HAL_TIM_PWM_ConfigChannel	24	static
stm32f4xx_hal_tim.c:3661:19:HAL_TIM_OnePulse_ConfigChannel	56	static
stm32f4xx_hal_tim.c:3799:19:HAL_TIM_DMABurst_WriteStart	24	static
stm32f4xx_hal_tim.c:3962:19:HAL_TIM_DMABurst_WriteStop	24	static
stm32f4xx_hal_tim.c:4058:19:HAL_TIM_DMABurst_ReadStart	24	static
stm32f4xx_hal_tim.c:4222:19:HAL_TIM_DMABurst_ReadStop	24	static
stm32f4xx_hal_tim.c:4300:19:HAL_TIM_GenerateEvent	16	static
stm32f4xx_hal_tim.c:4337:19:HAL_TIM_ConfigOCrefClear	24	static
stm32f4xx_hal_tim.c:4461:19:HAL_TIM_ConfigClockSource	24	static
stm32f4xx_hal_tim.c:4613:19:HAL_TIM_ConfigTI1Input	24	static
stm32f4xx_hal_tim.c:4645:19:HAL_TIM_SlaveConfigSynchro	16	static
stm32f4xx_hal_tim.c:4685:19:HAL_TIM_SlaveConfigSynchro_IT	16	static
stm32f4xx_hal_tim.c:4728:10:HAL_TIM_ReadCapturedValue	24	static
stm32f4xx_hal_tim.c:4812:13:HAL_TIM_PeriodElapsedCallback	16	static
stm32f4xx_hal_tim.c:4827:13:HAL_TIM_PeriodElapsedHalfCpltCallback	16	static
stm32f4xx_hal_tim.c:4842:13:HAL_TIM_OC_DelayElapsedCallback	16	static
stm32f4xx_hal_tim.c:4857:13:HAL_TIM_IC_CaptureCallback	16	static
stm32f4xx_hal_tim.c:4872:13:HAL_TIM_IC_CaptureHalfCpltCallback	16	static
stm32f4xx_hal_tim.c:4887:13:HAL_TIM_PWM_PulseFinishedCallback	16	static
stm32f4xx_hal_tim.c:4902:13:HAL_TIM_PWM_PulseFinishedHalfCpltCallback	16	static
stm32f4xx_hal_tim.c:4917:13:HAL_TIM_TriggerCallback	16	static
stm32f4xx_hal_tim.c:4932:13:HAL_TIM_TriggerHalfCpltCallback	16	static
stm32f4xx_hal_tim.c:4947:13:HAL_TIM_ErrorCallback	16	static
stm32f4xx_hal_tim.c:5463:22:HAL_TIM_Base_GetState	16	static
stm32f4xx_hal_tim.c:5473:22:HAL_TIM_OC_GetState	16	static
stm32f4xx_hal_tim.c:5483:22:HAL_TIM_PWM_GetState	16	static
stm32f4xx_hal_tim.c:5493:22:HAL_TIM_IC_GetState	16	static
stm32f4xx_hal_tim.c:5503:22:HAL_TIM_OnePulse_GetState	16	static
stm32f4xx_hal_tim.c:5513:22:HAL_TIM_Encoder_GetState	16	static
stm32f4xx_hal_tim.c:5535:6:TIM_DMAError	24	static
stm32f4xx_hal_tim.c:5553:6:TIM_DMADelayPulseCplt	24	static
stm32f4xx_hal_tim.c:5594:6:TIM_DMADelayPulseHalfCplt	24	static
stm32f4xx_hal_tim.c:5635:6:TIM_DMACaptureCplt	24	static
stm32f4xx_hal_tim.c:5676:6:TIM_DMACaptureHalfCplt	24	static
stm32f4xx_hal_tim.c:5717:13:TIM_DMAPeriodElapsedCplt	24	static
stm32f4xx_hal_tim.c:5735:13:TIM_DMAPeriodElapsedHalfCplt	24	static
stm32f4xx_hal_tim.c:5753:13:TIM_DMATriggerCplt	24	static
stm32f4xx_hal_tim.c:5771:13:TIM_DMATriggerHalfCplt	24	static
stm32f4xx_hal_tim.c:5790:6:TIM_Base_SetConfig	24	static
stm32f4xx_hal_tim.c:5838:13:TIM_OC1_SetConfig	32	static
stm32f4xx_hal_tim.c:5913:6:TIM_OC2_SetConfig	32	static
stm32f4xx_hal_tim.c:5989:13:TIM_OC3_SetConfig	32	static
stm32f4xx_hal_tim.c:6063:13:TIM_OC4_SetConfig	32	static
stm32f4xx_hal_tim.c:6123:26:TIM_SlaveTimer_SetConfig	32	static
stm32f4xx_hal_tim.c:6254:6:TIM_TI1_SetConfig	32	static
stm32f4xx_hal_tim.c:6301:13:TIM_TI1_ConfigInputStage	32	static
stm32f4xx_hal_tim.c:6344:13:TIM_TI2_SetConfig	32	static
stm32f4xx_hal_tim.c:6384:13:TIM_TI2_ConfigInputStage	32	static
stm32f4xx_hal_tim.c:6427:13:TIM_TI3_SetConfig	32	static
stm32f4xx_hal_tim.c:6475:13:TIM_TI4_SetConfig	32	static
stm32f4xx_hal_tim.c:6518:13:TIM_ITRx_SetConfig	24	static
stm32f4xx_hal_tim.c:6548:6:TIM_ETR_SetConfig	32	static
stm32f4xx_hal_tim.c:6578:6:TIM_CCxChannelCmd	32	static
