main.c:67:6:printDebug	16	static
main.c:71:5:main	88	static
main.c:134:6:printSensorData	448	static
main.c:152:6:initPeripherals	32	static
main.c:192:6:pollSensors	8	static
main.c:230:6:pollGPS	1160	static
main.c:260:6:SystemClock_Config	88	static
main.c:303:13:MX_I2C1_Init	8	static
main.c:337:13:MX_I2C2_Init	8	static
main.c:371:13:MX_I2C3_Init	8	static
main.c:405:13:MX_USART1_UART_Init	8	static
main.c:438:13:MX_USART2_UART_Init	8	static
main.c:471:13:MX_USART3_UART_Init	8	static
main.c:504:13:MX_GPIO_Init	48	static
main.c:577:6:Error_Handler	4	static
