main.c:58:6:printDebug	16	static
main.c:62:5:main	200	static
main.c:111:6:printSensorData	448	static
main.c:129:6:initPeripherals	32	static
main.c:174:6:pollSensors	8	static
main.c:216:6:SystemClock_Config	88	static
main.c:259:13:MX_I2C1_Init	8	static
main.c:293:13:MX_I2C2_Init	8	static
main.c:327:13:MX_I2C3_Init	8	static
main.c:361:13:MX_USART1_UART_Init	8	static
main.c:394:13:MX_USART2_UART_Init	8	static
main.c:427:13:MX_USART3_UART_Init	8	static
main.c:460:13:MX_GPIO_Init	48	static
main.c:533:6:Error_Handler	4	static
