stm32f4xx_hal_tim_ex.c:130:19:HAL_TIMEx_HallSensor_Init	48	static
stm32f4xx_hal_tim_ex.c:222:19:HAL_TIMEx_HallSensor_DeInit	16	static
stm32f4xx_hal_tim_ex.c:258:13:HAL_TIMEx_HallSensor_MspInit	16	static
stm32f4xx_hal_tim_ex.c:273:13:HAL_TIMEx_HallSensor_MspDeInit	16	static
stm32f4xx_hal_tim_ex.c:288:19:HAL_TIMEx_HallSensor_Start	24	static
stm32f4xx_hal_tim_ex.c:315:19:HAL_TIMEx_HallSensor_Stop	16	static
stm32f4xx_hal_tim_ex.c:336:19:HAL_TIMEx_HallSensor_Start_IT	24	static
stm32f4xx_hal_tim_ex.c:366:19:HAL_TIMEx_HallSensor_Stop_IT	16	static
stm32f4xx_hal_tim_ex.c:392:19:HAL_TIMEx_HallSensor_Start_DMA	32	static
stm32f4xx_hal_tim_ex.c:452:19:HAL_TIMEx_HallSensor_Stop_DMA	16	static
stm32f4xx_hal_tim_ex.c:508:19:HAL_TIMEx_OCN_Start	24	static
stm32f4xx_hal_tim_ex.c:543:19:HAL_TIMEx_OCN_Stop	16	static
stm32f4xx_hal_tim_ex.c:572:19:HAL_TIMEx_OCN_Start_IT	24	static
stm32f4xx_hal_tim_ex.c:638:19:HAL_TIMEx_OCN_Stop_IT	24	static
stm32f4xx_hal_tim_ex.c:704:19:HAL_TIMEx_OCN_Start_DMA	32	static
stm32f4xx_hal_tim_ex.c:822:19:HAL_TIMEx_OCN_Stop_DMA	16	static
stm32f4xx_hal_tim_ex.c:917:19:HAL_TIMEx_PWMN_Start	24	static
stm32f4xx_hal_tim_ex.c:951:19:HAL_TIMEx_PWMN_Stop	16	static
stm32f4xx_hal_tim_ex.c:980:19:HAL_TIMEx_PWMN_Start_IT	24	static
stm32f4xx_hal_tim_ex.c:1045:19:HAL_TIMEx_PWMN_Stop_IT	24	static
stm32f4xx_hal_tim_ex.c:1112:19:HAL_TIMEx_PWMN_Start_DMA	32	static
stm32f4xx_hal_tim_ex.c:1229:19:HAL_TIMEx_PWMN_Stop_DMA	16	static
stm32f4xx_hal_tim_ex.c:1312:19:HAL_TIMEx_OnePulseN_Start	16	static
stm32f4xx_hal_tim_ex.c:1337:19:HAL_TIMEx_OnePulseN_Stop	16	static
stm32f4xx_hal_tim_ex.c:1366:19:HAL_TIMEx_OnePulseN_Start_IT	16	static
stm32f4xx_hal_tim_ex.c:1397:19:HAL_TIMEx_OnePulseN_Stop_IT	16	static
stm32f4xx_hal_tim_ex.c:1467:19:HAL_TIMEx_ConfigCommutEvent	24	static
stm32f4xx_hal_tim_ex.c:1523:19:HAL_TIMEx_ConfigCommutEvent_IT	24	static
stm32f4xx_hal_tim_ex.c:1580:19:HAL_TIMEx_ConfigCommutEvent_DMA	24	static
stm32f4xx_hal_tim_ex.c:1629:19:HAL_TIMEx_MasterConfigSynchronization	24	static
stm32f4xx_hal_tim_ex.c:1690:19:HAL_TIMEx_ConfigBreakDeadTime	24	static
stm32f4xx_hal_tim_ex.c:1766:19:HAL_TIMEx_RemapConfig	16	static
stm32f4xx_hal_tim_ex.c:1822:13:HAL_TIMEx_CommutCallback	16	static
stm32f4xx_hal_tim_ex.c:1836:13:HAL_TIMEx_CommutHalfCpltCallback	16	static
stm32f4xx_hal_tim_ex.c:1851:13:HAL_TIMEx_BreakCallback	16	static
stm32f4xx_hal_tim_ex.c:1884:22:HAL_TIMEx_HallSensor_GetState	16	static
stm32f4xx_hal_tim_ex.c:1907:6:TIMEx_DMACommutationCplt	24	static
stm32f4xx_hal_tim_ex.c:1926:6:TIMEx_DMACommutationHalfCplt	24	static
stm32f4xx_hal_tim_ex.c:1953:13:TIM_CCxNChannelCmd	32	static
