ButterworthLPF.h:12:6:ButterworthLPF_Init	32	static
ButterworthLPF.h:25:7:ButterworthLPF_Update	16	static
main.c:96:6:printDebug	16	static
main.c:109:6:HAL_UART_RxCpltCallback	24	static
main.c:117:5:main	240	static
main.c:192:6:heartbeatTask	16	static
main.c:203:6:imuGyroReadTask	32	static
main.c:220:6:imuAccReadTask	32	static
main.c:238:6:magReadTask	80	static
main.c:272:6:gpsReadTask	16	static
main.c:281:6:barometerReadTask	16	static
main.c:294:6:debugSerialTask	160	static
main.c:333:6:initPeripherals	32	static
main.c:365:6:SystemClock_Config	88	static
main.c:408:13:MX_I2C1_Init	8	static
main.c:442:13:MX_I2C2_Init	8	static
main.c:476:13:MX_I2C3_Init	8	static
main.c:510:13:MX_USART1_UART_Init	8	static
main.c:543:13:MX_USART2_UART_Init	8	static
main.c:576:13:MX_USART3_UART_Init	8	static
main.c:607:13:MX_DMA_Init	16	static
main.c:625:13:MX_GPIO_Init	48	static
main.c:701:6:StartDefaultTask	16	static
main.c:720:6:HAL_TIM_PeriodElapsedCallback	16	static
main.c:737:6:Error_Handler	4	static
