FIR.h:27:6:FIRFilter_Init	32	static
FIR.h:40:7:FIRFilter_Update	24	static
main.c:88:6:printDebug	16	static
main.c:100:5:main	208	static
main.c:166:6:heartbeatTask	16	static
main.c:177:6:imuGyroReadTask	16	static
main.c:192:6:imuAccReadTask	40	static
main.c:212:6:magReadTask	16	static
main.c:227:6:barometerReadTask	16	static
main.c:240:6:debugSerialTask	160	static
main.c:279:6:initPeripherals	32	static
main.c:313:6:SystemClock_Config	88	static
main.c:356:13:MX_I2C1_Init	8	static
main.c:390:13:MX_I2C2_Init	8	static
main.c:424:13:MX_I2C3_Init	8	static
main.c:458:13:MX_USART1_UART_Init	8	static
main.c:491:13:MX_USART2_UART_Init	8	static
main.c:524:13:MX_USART3_UART_Init	8	static
main.c:557:13:MX_GPIO_Init	48	static
main.c:632:6:HAL_TIM_PeriodElapsedCallback	16	static
main.c:649:6:Error_Handler	4	static
