FIR.h:27:6:FIRFilter_Init	32	static
FIR.h:40:7:FIRFilter_Update	24	static
main.c:91:6:printDebug	16	static
main.c:103:5:main	232	static
main.c:174:6:heartbeatTask	16	static
main.c:185:6:imuGyroReadTask	16	static
main.c:200:6:imuAccReadTask	40	static
main.c:220:6:magReadTask	48	static
main.c:240:6:gpsReadTask	88	static
main.c:255:6:barometerReadTask	16	static
main.c:268:6:debugSerialTask	160	static
main.c:307:6:initPeripherals	32	static
main.c:341:6:SystemClock_Config	88	static
main.c:384:13:MX_I2C1_Init	8	static
main.c:418:13:MX_I2C2_Init	8	static
main.c:452:13:MX_I2C3_Init	8	static
main.c:486:13:MX_USART1_UART_Init	8	static
main.c:519:13:MX_USART2_UART_Init	8	static
main.c:552:13:MX_USART3_UART_Init	8	static
main.c:585:13:MX_GPIO_Init	48	static
main.c:660:6:HAL_TIM_PeriodElapsedCallback	16	static
main.c:677:6:Error_Handler	4	static
