main.c:69:6:printDebug	16	static
main.c:79:5:main	160	static
main.c:124:6:heartbeatTask	16	static
main.c:135:6:barometerReadTask	16	static
main.c:145:6:imuGyroReadTask	16	static
main.c:157:6:imuAccReadTask	16	static
main.c:169:6:debugSerialTask	16	static
main.c:176:6:initPeripherals	32	static
main.c:219:6:SystemClock_Config	88	static
main.c:262:13:MX_I2C1_Init	8	static
main.c:296:13:MX_I2C2_Init	8	static
main.c:330:13:MX_I2C3_Init	8	static
main.c:364:13:MX_USART1_UART_Init	8	static
main.c:397:13:MX_USART2_UART_Init	8	static
main.c:430:13:MX_USART3_UART_Init	8	static
main.c:463:13:MX_GPIO_Init	48	static
main.c:538:6:HAL_TIM_PeriodElapsedCallback	16	static
main.c:555:6:Error_Handler	4	static
