FIR.h:27:6:FIRFilter_Init	32	static
FIR.h:40:7:FIRFilter_Update	24	static
main.c:73:6:printDebug	16	static
main.c:98:5:main	160	static
main.c:153:6:heartbeatTask	16	static
main.c:164:6:imuGyroReadTask	16	static
main.c:179:6:imuAccReadTask	16	static
main.c:194:6:magReadTask	16	static
main.c:209:6:barometerReadTask	16	static
main.c:222:6:debugSerialTask	160	static
main.c:254:6:initPeripherals	32	static
main.c:285:6:SystemClock_Config	88	static
main.c:328:13:MX_I2C1_Init	8	static
main.c:362:13:MX_I2C2_Init	8	static
main.c:396:13:MX_I2C3_Init	8	static
main.c:430:13:MX_USART1_UART_Init	8	static
main.c:463:13:MX_USART2_UART_Init	8	static
main.c:496:13:MX_USART3_UART_Init	8	static
main.c:529:13:MX_GPIO_Init	48	static
main.c:604:6:HAL_TIM_PeriodElapsedCallback	16	static
main.c:621:6:Error_Handler	4	static
