FIR.h:27:6:FIRFilter_Init	32	static
FIR.h:40:7:FIRFilter_Update	24	static
main.c:91:6:printDebug	16	static
main.c:103:5:main	232	static
main.c:174:6:heartbeatTask	16	static
main.c:185:6:imuGyroReadTask	16	static
main.c:200:6:imuAccReadTask	40	static
main.c:220:6:magReadTask	48	static
main.c:240:6:gpsReadTask	88	static
main.c:255:6:barometerReadTask	16	static
main.c:268:6:debugSerialTask	160	static
main.c:309:6:initPeripherals	32	static
main.c:343:6:SystemClock_Config	88	static
main.c:386:13:MX_I2C1_Init	8	static
main.c:420:13:MX_I2C2_Init	8	static
main.c:454:13:MX_I2C3_Init	8	static
main.c:488:13:MX_USART1_UART_Init	8	static
main.c:521:13:MX_USART2_UART_Init	8	static
main.c:554:13:MX_USART3_UART_Init	8	static
main.c:587:13:MX_GPIO_Init	48	static
main.c:662:6:HAL_TIM_PeriodElapsedCallback	16	static
main.c:679:6:Error_Handler	4	static
