FIR.h:27:6:FIRFilter_Init	32	static
FIR.h:40:7:FIRFilter_Update	24	static
main.c:90:6:printDebug	16	static
main.c:102:5:main	232	static
main.c:173:6:heartbeatTask	16	static
main.c:184:6:imuGyroReadTask	16	static
main.c:199:6:imuAccReadTask	40	static
main.c:219:6:magReadTask	16	static
main.c:234:6:gpsReadTask	152	static
main.c:249:6:barometerReadTask	16	static
main.c:262:6:debugSerialTask	160	static
main.c:301:6:initPeripherals	32	static
main.c:335:6:SystemClock_Config	88	static
main.c:378:13:MX_I2C1_Init	8	static
main.c:412:13:MX_I2C2_Init	8	static
main.c:446:13:MX_I2C3_Init	8	static
main.c:480:13:MX_USART1_UART_Init	8	static
main.c:513:13:MX_USART2_UART_Init	8	static
main.c:546:13:MX_USART3_UART_Init	8	static
main.c:579:13:MX_GPIO_Init	48	static
main.c:654:6:HAL_TIM_PeriodElapsedCallback	16	static
main.c:671:6:Error_Handler	4	static
