FIR.h:27:6:FIRFilter_Init	32	static
FIR.h:40:7:FIRFilter_Update	24	static
main.c:73:6:printDebug	16	static
main.c:98:5:main	160	static
main.c:159:6:heartbeatTask	16	static
main.c:170:6:imuGyroReadTask	16	static
main.c:185:6:imuAccReadTask	16	static
main.c:200:6:magReadTask	16	static
main.c:215:6:barometerReadTask	16	static
main.c:228:6:debugSerialTask	160	static
main.c:260:6:initPeripherals	32	static
main.c:303:6:SystemClock_Config	88	static
main.c:346:13:MX_I2C1_Init	8	static
main.c:380:13:MX_I2C2_Init	8	static
main.c:414:13:MX_I2C3_Init	8	static
main.c:448:13:MX_USART1_UART_Init	8	static
main.c:481:13:MX_USART2_UART_Init	8	static
main.c:514:13:MX_USART3_UART_Init	8	static
main.c:547:13:MX_GPIO_Init	48	static
main.c:622:6:HAL_TIM_PeriodElapsedCallback	16	static
main.c:639:6:Error_Handler	4	static
