FIR.h:27:6:FIRFilter_Init	32	static
FIR.h:40:7:FIRFilter_Update	24	static
main.c:91:6:printDebug	16	static
main.c:107:6:HAL_UART_RxHalfCpltCallback	16	static
main.c:111:6:HAL_UART_RxCpltCallback	24	static
main.c:119:5:main	232	static
main.c:193:6:heartbeatTask	16	static
main.c:204:6:imuGyroReadTask	16	static
main.c:219:6:imuAccReadTask	40	static
main.c:239:6:magReadTask	48	static
main.c:259:6:gpsReadTask	16	static
main.c:268:6:barometerReadTask	16	static
main.c:281:6:debugSerialTask	160	static
main.c:320:6:initPeripherals	32	static
main.c:352:6:SystemClock_Config	88	static
main.c:395:13:MX_I2C1_Init	8	static
main.c:429:13:MX_I2C2_Init	8	static
main.c:463:13:MX_I2C3_Init	8	static
main.c:497:13:MX_USART1_UART_Init	8	static
main.c:530:13:MX_USART2_UART_Init	8	static
main.c:563:13:MX_USART3_UART_Init	8	static
main.c:594:13:MX_DMA_Init	16	static
main.c:612:13:MX_GPIO_Init	48	static
main.c:688:6:StartDefaultTask	16	static
main.c:707:6:HAL_TIM_PeriodElapsedCallback	16	static
main.c:724:6:Error_Handler	4	static
