stm32h7xx_hal_mdma.c:219:19:HAL_MDMA_Init	24	static
stm32h7xx_hal_mdma.c:295:19:HAL_MDMA_DeInit	16	static
stm32h7xx_hal_mdma.c:355:19:HAL_MDMA_ConfigPostRequestMask	32	static
stm32h7xx_hal_mdma.c:417:19:HAL_MDMA_RegisterCallback	32	static
stm32h7xx_hal_mdma.c:482:19:HAL_MDMA_UnRegisterCallback	24	static
stm32h7xx_hal_mdma.c:576:19:HAL_MDMA_LinkedList_CreateNode	24	static
stm32h7xx_hal_mdma.c:719:19:HAL_MDMA_LinkedList_AddNode	40	static
stm32h7xx_hal_mdma.c:852:19:HAL_MDMA_LinkedList_RemoveNode	32	static
stm32h7xx_hal_mdma.c:965:19:HAL_MDMA_LinkedList_EnableCircularMode	24	static
stm32h7xx_hal_mdma.c:1009:19:HAL_MDMA_LinkedList_DisableCircularMode	24	static
stm32h7xx_hal_mdma.c:1080:19:HAL_MDMA_Start	32	static
stm32h7xx_hal_mdma.c:1140:19:HAL_MDMA_Start_IT	32	static
stm32h7xx_hal_mdma.c:1223:19:HAL_MDMA_Abort	24	static
stm32h7xx_hal_mdma.c:1288:19:HAL_MDMA_Abort_IT	16	static
stm32h7xx_hal_mdma.c:1323:19:HAL_MDMA_PollForTransfer	40	static
stm32h7xx_hal_mdma.c:1470:19:HAL_MDMA_GenerateSWRequest	24	static
stm32h7xx_hal_mdma.c:1512:6:HAL_MDMA_IRQHandler	32	static
stm32h7xx_hal_mdma.c:1730:23:HAL_MDMA_GetState	16	static
stm32h7xx_hal_mdma.c:1741:10:HAL_MDMA_GetError	16	static
stm32h7xx_hal_mdma.c:1768:13:MDMA_SetConfig	32	static
stm32h7xx_hal_mdma.c:1822:13:MDMA_Init	24	static
