stm32h7xx_hal_rcc.c:188:19:HAL_RCC_DeInit	16	static
stm32h7xx_hal_rcc.c:357:26:HAL_RCC_OscConfig	48	static
stm32h7xx_hal_rcc.c:838:19:HAL_RCC_ClockConfig	24	static
stm32h7xx_hal_rcc.c:1100:6:HAL_RCC_MCOConfig	56	static
stm32h7xx_hal_rcc.c:1154:6:HAL_RCC_EnableCSS	4	static
stm32h7xx_hal_rcc.c:1163:6:HAL_RCC_DisableCSS	4	static
stm32h7xx_hal_rcc.c:1202:10:HAL_RCC_GetSysClockFreq	40	static
stm32h7xx_hal_rcc.c:1299:10:HAL_RCC_GetHCLKFreq	8	static
stm32h7xx_hal_rcc.c:1312:10:HAL_RCC_GetPCLK1Freq	8	static
stm32h7xx_hal_rcc.c:1325:10:HAL_RCC_GetPCLK2Freq	8	static
stm32h7xx_hal_rcc.c:1338:6:HAL_RCC_GetOscConfig	16	static
stm32h7xx_hal_rcc.c:1458:6:HAL_RCC_GetClockConfig	16	static
stm32h7xx_hal_rcc.c:1495:6:HAL_RCC_NMI_IRQHandler	8	static
stm32h7xx_hal_rcc.c:1512:13:HAL_RCC_CSSCallback	4	static
