stm32h7xx_hal.c:134:19:HAL_Init	8	static
stm32h7xx_hal.c:171:19:HAL_DeInit	8	static
stm32h7xx_hal.c:212:13:HAL_MspInit	4	static
stm32h7xx_hal.c:223:13:HAL_MspDeInit	4	static
stm32h7xx_hal.c:246:26:HAL_InitTick	16	static
stm32h7xx_hal.c:332:13:HAL_IncTick	4	static
stm32h7xx_hal.c:343:17:HAL_GetTick	4	static
stm32h7xx_hal.c:352:10:HAL_GetTickPrio	4	static
stm32h7xx_hal.c:361:19:HAL_SetTickFreq	24	static
stm32h7xx_hal.c:381:21:HAL_GetTickFreq	4	static
stm32h7xx_hal.c:397:13:HAL_Delay	24	static
stm32h7xx_hal.c:423:13:HAL_SuspendTick	4	static
stm32h7xx_hal.c:439:13:HAL_ResumeTick	4	static
stm32h7xx_hal.c:449:10:HAL_GetHalVersion	4	static
stm32h7xx_hal.c:458:10:HAL_GetREVID	4	static
stm32h7xx_hal.c:467:10:HAL_GetDEVID	4	static
stm32h7xx_hal.c:476:10:HAL_GetUIDw0	4	static
stm32h7xx_hal.c:485:10:HAL_GetUIDw1	4	static
stm32h7xx_hal.c:494:10:HAL_GetUIDw2	4	static
stm32h7xx_hal.c:513:6:HAL_SYSCFG_VREFBUF_VoltageScalingConfig	16	static
stm32h7xx_hal.c:529:6:HAL_SYSCFG_VREFBUF_HighImpedanceConfig	16	static
stm32h7xx_hal.c:541:6:HAL_SYSCFG_VREFBUF_TrimmingConfig	16	static
stm32h7xx_hal.c:553:19:HAL_SYSCFG_EnableVREFBUF	16	static
stm32h7xx_hal.c:579:6:HAL_SYSCFG_DisableVREFBUF	4	static
stm32h7xx_hal.c:592:6:HAL_SYSCFG_ETHInterfaceSelect	16	static
stm32h7xx_hal.c:622:6:HAL_SYSCFG_AnalogSwitchConfig	16	static
stm32h7xx_hal.c:640:6:HAL_SYSCFG_EnableBOOST	4	static
stm32h7xx_hal.c:652:6:HAL_SYSCFG_DisableBOOST	4	static
stm32h7xx_hal.c:667:6:HAL_SYSCFG_CM7BootAddConfig	16	static
stm32h7xx_hal.c:767:6:HAL_EnableCompensationCell	4	static
stm32h7xx_hal.c:778:6:HAL_DisableCompensationCell	4	static
stm32h7xx_hal.c:791:6:HAL_SYSCFG_EnableIOSpeedOptimize	4	static
stm32h7xx_hal.c:803:6:HAL_SYSCFG_DisableIOSpeedOptimize	4	static
stm32h7xx_hal.c:816:6:HAL_SYSCFG_CompensationCodeSelect	16	static
stm32h7xx_hal.c:833:6:HAL_SYSCFG_CompensationCodeConfig	16	static
stm32h7xx_hal.c:846:6:HAL_DBGMCU_EnableDBGSleepMode	4	static
stm32h7xx_hal.c:855:6:HAL_DBGMCU_DisableDBGSleepMode	4	static
stm32h7xx_hal.c:864:6:HAL_DBGMCU_EnableDBGStopMode	4	static
stm32h7xx_hal.c:873:6:HAL_DBGMCU_DisableDBGStopMode	4	static
stm32h7xx_hal.c:882:6:HAL_DBGMCU_EnableDBGStandbyMode	4	static
stm32h7xx_hal.c:891:6:HAL_DBGMCU_DisableDBGStandbyMode	4	static
stm32h7xx_hal.c:957:6:HAL_EnableDomain3DBGStopMode	4	static
stm32h7xx_hal.c:966:6:HAL_DisableDomain3DBGStopMode	4	static
stm32h7xx_hal.c:975:6:HAL_EnableDomain3DBGStandbyMode	4	static
stm32h7xx_hal.c:984:6:HAL_DisableDomain3DBGStandbyMode	4	static
stm32h7xx_hal.c:995:6:HAL_SetFMCMemorySwappingConfig	16	static
stm32h7xx_hal.c:1007:10:HAL_GetFMCMemorySwappingConfig	4	static
stm32h7xx_hal.c:1024:6:HAL_EXTI_EdgeConfig	16	static
stm32h7xx_hal.c:1050:6:HAL_EXTI_GenerateSWInterrupt	16	static
stm32h7xx_hal.c:1065:6:HAL_EXTI_D1_ClearFlag	16	static
stm32h7xx_hal.c:1100:6:HAL_EXTI_D1_EventInputConfig	24	static
stm32h7xx_hal.c:1194:6:HAL_EXTI_D3_EventInputConfig	32	static
