stm32h7xx_ll_adc.h:2390:22:LL_ADC_SetCommonPathInternalCh	16	static
stm32h7xx_ll_adc.h:2412:26:LL_ADC_GetCommonPathInternalCh	16	static
stm32h7xx_ll_adc.h:2459:22:LL_ADC_SetCalibrationOffsetFactor	24	static
stm32h7xx_ll_adc.h:2484:26:LL_ADC_GetCalibrationOffsetFactor	16	static
stm32h7xx_ll_adc.h:2515:22:LL_ADC_SetCalibrationLinearFactor	24	static
stm32h7xx_ll_adc.h:2542:26:LL_ADC_GetCalibrationLinearFactor	16	static
stm32h7xx_ll_adc.h:2795:22:LL_ADC_SetOffset	24	static
stm32h7xx_ll_adc.h:2867:26:LL_ADC_GetOffsetChannel	16	static
stm32h7xx_ll_adc.h:2916:22:LL_ADC_SetDataRightShift	24	static
stm32h7xx_ll_adc.h:2958:22:LL_ADC_SetOffsetSignedSaturation	24	static
stm32h7xx_ll_adc.h:3110:26:LL_ADC_REG_IsTriggerSourceSWStart	16	static
stm32h7xx_ll_adc.h:3758:26:LL_ADC_INJ_IsTriggerSourceSWStart	16	static
stm32h7xx_ll_adc.h:4060:26:LL_ADC_INJ_GetTrigAuto	16	static
stm32h7xx_ll_adc.h:4106:22:LL_ADC_INJ_SetQueueMode	16	static
stm32h7xx_ll_adc.h:4452:22:LL_ADC_SetChannelSamplingTime	24	static
stm32h7xx_ll_adc.h:4598:22:LL_ADC_SetChannelSingleDiff	24	static
stm32h7xx_ll_adc.h:5376:26:LL_ADC_GetMultimode	16	static
stm32h7xx_ll_adc.h:5570:22:LL_ADC_EnableDeepPowerDown	16	static
stm32h7xx_ll_adc.h:5645:22:LL_ADC_DisableInternalRegulator	16	static
stm32h7xx_ll_adc.h:5716:26:LL_ADC_IsEnabled	16	static
stm32h7xx_ll_adc.h:5765:22:LL_ADC_StartCalibration	24	static
stm32h7xx_ll_adc.h:5781:26:LL_ADC_IsCalibrationOnGoing	16	static
stm32h7xx_ll_adc.h:5812:22:LL_ADC_REG_StartConversion	16	static
stm32h7xx_ll_adc.h:5848:26:LL_ADC_REG_IsConversionOngoing	16	static
stm32h7xx_ll_adc.h:6007:22:LL_ADC_INJ_StartConversion	16	static
stm32h7xx_ll_adc.h:6043:26:LL_ADC_INJ_IsConversionOngoing	16	static
stm32h7xx_hal_adc_ex.c:136:19:HAL_ADCEx_Calibration_Start	32	static
stm32h7xx_hal_adc_ex.c:210:10:HAL_ADCEx_Calibration_GetValue	16	static
stm32h7xx_hal_adc_ex.c:226:19:HAL_ADCEx_LinearCalibration_GetValue	32	static
stm32h7xx_hal_adc_ex.c:258:19:HAL_ADCEx_Calibration_SetValue	40	static
stm32h7xx_hal_adc_ex.c:309:19:HAL_ADCEx_LinearCalibration_SetValue	24	static
stm32h7xx_hal_adc_ex.c:381:19:HAL_ADCEx_LinearCalibration_FactorLoad	48	static
stm32h7xx_hal_adc_ex.c:417:19:HAL_ADCEx_InjectedStart	32	static
stm32h7xx_hal_adc_ex.c:554:19:HAL_ADCEx_InjectedStop	24	static
stm32h7xx_hal_adc_ex.c:609:19:HAL_ADCEx_InjectedPollForConversion	48	static
stm32h7xx_hal_adc_ex.c:740:19:HAL_ADCEx_InjectedStart_IT	32	static
stm32h7xx_hal_adc_ex.c:901:19:HAL_ADCEx_InjectedStop_IT	24	static
stm32h7xx_hal_adc_ex.c:967:19:HAL_ADCEx_MultiModeStart_DMA	136	static
stm32h7xx_hal_adc_ex.c:1081:19:HAL_ADCEx_MultiModeStop_DMA	136	static
stm32h7xx_hal_adc_ex.c:1194:10:HAL_ADCEx_MultiModeGetValue	24	static
stm32h7xx_hal_adc_ex.c:1240:10:HAL_ADCEx_InjectedGetValue	24	static
stm32h7xx_hal_adc_ex.c:1275:13:HAL_ADCEx_InjectedConvCpltCallback	16	static
stm32h7xx_hal_adc_ex.c:1294:13:HAL_ADCEx_InjectedQueueOverflowCallback	16	static
stm32h7xx_hal_adc_ex.c:1309:13:HAL_ADCEx_LevelOutOfWindow2Callback	16	static
stm32h7xx_hal_adc_ex.c:1324:13:HAL_ADCEx_LevelOutOfWindow3Callback	16	static
stm32h7xx_hal_adc_ex.c:1340:13:HAL_ADCEx_EndOfSamplingCallback	16	static
stm32h7xx_hal_adc_ex.c:1357:19:HAL_ADCEx_RegularStop	24	static
stm32h7xx_hal_adc_ex.c:1415:19:HAL_ADCEx_RegularStop_IT	24	static
stm32h7xx_hal_adc_ex.c:1475:19:HAL_ADCEx_RegularStop_DMA	24	static
stm32h7xx_hal_adc_ex.c:1561:19:HAL_ADCEx_RegularMultiModeStop_DMA	128	static
stm32h7xx_hal_adc_ex.c:1734:19:HAL_ADCEx_InjectedConfigChannel	184	static,ignoring_inline_asm
stm32h7xx_hal_adc_ex.c:2188:19:HAL_ADCEx_MultiModeConfigChannel	136	static
stm32h7xx_hal_adc_ex.c:2298:19:HAL_ADCEx_EnableInjectedQueue	32	static
stm32h7xx_hal_adc_ex.c:2339:19:HAL_ADCEx_DisableInjectedQueue	32	static
stm32h7xx_hal_adc_ex.c:2376:19:HAL_ADCEx_DisableVoltageRegulator	24	static
stm32h7xx_hal_adc_ex.c:2413:19:HAL_ADCEx_EnterADCDeepPowerDownMode	24	static
