stm32h7xx_hal_tim.c:268:19:HAL_TIM_Base_Init	16	static
stm32h7xx_hal_tim.c:320:19:HAL_TIM_Base_DeInit	16	static
stm32h7xx_hal_tim.c:356:13:HAL_TIM_Base_MspInit	16	static
stm32h7xx_hal_tim.c:371:13:HAL_TIM_Base_MspDeInit	16	static
stm32h7xx_hal_tim.c:387:19:HAL_TIM_Base_Start	24	static
stm32h7xx_hal_tim.c:416:19:HAL_TIM_Base_Stop	16	static
stm32h7xx_hal_tim.c:439:19:HAL_TIM_Base_Start_IT	24	static
stm32h7xx_hal_tim.c:465:19:HAL_TIM_Base_Stop_IT	16	static
stm32h7xx_hal_tim.c:486:19:HAL_TIM_Base_Start_DMA	32	static
stm32h7xx_hal_tim.c:545:19:HAL_TIM_Base_Stop_DMA	16	static
stm32h7xx_hal_tim.c:600:19:HAL_TIM_OC_Init	16	static
stm32h7xx_hal_tim.c:652:19:HAL_TIM_OC_DeInit	16	static
stm32h7xx_hal_tim.c:688:13:HAL_TIM_OC_MspInit	16	static
stm32h7xx_hal_tim.c:703:13:HAL_TIM_OC_MspDeInit	16	static
stm32h7xx_hal_tim.c:726:19:HAL_TIM_OC_Start	24	static
stm32h7xx_hal_tim.c:766:19:HAL_TIM_OC_Stop	16	static
stm32h7xx_hal_tim.c:798:19:HAL_TIM_OC_Start_IT	24	static
stm32h7xx_hal_tim.c:870:19:HAL_TIM_OC_Stop_IT	16	static
stm32h7xx_hal_tim.c:938:19:HAL_TIM_OC_Start_DMA	32	static
stm32h7xx_hal_tim.c:1080:19:HAL_TIM_OC_Stop_DMA	16	static
stm32h7xx_hal_tim.c:1177:19:HAL_TIM_PWM_Init	16	static
stm32h7xx_hal_tim.c:1229:19:HAL_TIM_PWM_DeInit	16	static
stm32h7xx_hal_tim.c:1265:13:HAL_TIM_PWM_MspInit	16	static
stm32h7xx_hal_tim.c:1280:13:HAL_TIM_PWM_MspDeInit	16	static
stm32h7xx_hal_tim.c:1303:19:HAL_TIM_PWM_Start	24	static
stm32h7xx_hal_tim.c:1343:19:HAL_TIM_PWM_Stop	16	static
stm32h7xx_hal_tim.c:1378:19:HAL_TIM_PWM_Start_IT	24	static
stm32h7xx_hal_tim.c:1449:19:HAL_TIM_PWM_Stop_IT	16	static
stm32h7xx_hal_tim.c:1517:19:HAL_TIM_PWM_Start_DMA	32	static
stm32h7xx_hal_tim.c:1658:19:HAL_TIM_PWM_Stop_DMA	16	static
stm32h7xx_hal_tim.c:1755:19:HAL_TIM_IC_Init	16	static
stm32h7xx_hal_tim.c:1807:19:HAL_TIM_IC_DeInit	16	static
stm32h7xx_hal_tim.c:1843:13:HAL_TIM_IC_MspInit	16	static
stm32h7xx_hal_tim.c:1858:13:HAL_TIM_IC_MspDeInit	16	static
stm32h7xx_hal_tim.c:1879:19:HAL_TIM_IC_Start	24	static
stm32h7xx_hal_tim.c:1911:19:HAL_TIM_IC_Stop	16	static
stm32h7xx_hal_tim.c:1937:19:HAL_TIM_IC_Start_IT	24	static
stm32h7xx_hal_tim.c:2002:19:HAL_TIM_IC_Stop_IT	16	static
stm32h7xx_hal_tim.c:2064:19:HAL_TIM_IC_Start_DMA	32	static
stm32h7xx_hal_tim.c:2199:19:HAL_TIM_IC_Stop_DMA	16	static
stm32h7xx_hal_tim.c:2294:19:HAL_TIM_OnePulse_Init	16	static
stm32h7xx_hal_tim.c:2353:19:HAL_TIM_OnePulse_DeInit	16	static
stm32h7xx_hal_tim.c:2389:13:HAL_TIM_OnePulse_MspInit	16	static
stm32h7xx_hal_tim.c:2404:13:HAL_TIM_OnePulse_MspDeInit	16	static
stm32h7xx_hal_tim.c:2423:19:HAL_TIM_OnePulse_Start	16	static
stm32h7xx_hal_tim.c:2459:19:HAL_TIM_OnePulse_Stop	16	static
stm32h7xx_hal_tim.c:2495:19:HAL_TIM_OnePulse_Start_IT	16	static
stm32h7xx_hal_tim.c:2537:19:HAL_TIM_OnePulse_Stop_IT	16	static
stm32h7xx_hal_tim.c:2607:19:HAL_TIM_Encoder_Init	32	static
stm32h7xx_hal_tim.c:2712:19:HAL_TIM_Encoder_DeInit	16	static
stm32h7xx_hal_tim.c:2748:13:HAL_TIM_Encoder_MspInit	16	static
stm32h7xx_hal_tim.c:2763:13:HAL_TIM_Encoder_MspDeInit	16	static
stm32h7xx_hal_tim.c:2783:19:HAL_TIM_Encoder_Start	16	static
stm32h7xx_hal_tim.c:2827:19:HAL_TIM_Encoder_Stop	16	static
stm32h7xx_hal_tim.c:2873:19:HAL_TIM_Encoder_Start_IT	16	static
stm32h7xx_hal_tim.c:2923:19:HAL_TIM_Encoder_Stop_IT	16	static
stm32h7xx_hal_tim.c:2977:19:HAL_TIM_Encoder_Start_DMA	24	static
stm32h7xx_hal_tim.c:3112:19:HAL_TIM_Encoder_Stop_DMA	16	static
stm32h7xx_hal_tim.c:3178:6:HAL_TIM_IRQHandler	16	static
stm32h7xx_hal_tim.c:3408:19:HAL_TIM_OC_ConfigChannel	24	static
stm32h7xx_hal_tim.c:3508:19:HAL_TIM_IC_ConfigChannel	24	static
stm32h7xx_hal_tim.c:3607:19:HAL_TIM_PWM_ConfigChannel	24	static
stm32h7xx_hal_tim.c:3756:19:HAL_TIM_OnePulse_ConfigChannel	56	static
stm32h7xx_hal_tim.c:3902:19:HAL_TIM_DMABurst_WriteStart	32	static
stm32h7xx_hal_tim.c:3955:19:HAL_TIM_DMABurst_MultiWriteStart	24	static
stm32h7xx_hal_tim.c:4127:19:HAL_TIM_DMABurst_WriteStop	24	static
stm32h7xx_hal_tim.c:4230:19:HAL_TIM_DMABurst_ReadStart	32	static
stm32h7xx_hal_tim.c:4283:19:HAL_TIM_DMABurst_MultiReadStart	24	static
stm32h7xx_hal_tim.c:4456:19:HAL_TIM_DMABurst_ReadStop	24	static
stm32h7xx_hal_tim.c:4535:19:HAL_TIM_GenerateEvent	16	static
stm32h7xx_hal_tim.c:4574:19:HAL_TIM_ConfigOCrefClear	24	static
stm32h7xx_hal_tim.c:4726:19:HAL_TIM_ConfigClockSource	24	static
stm32h7xx_hal_tim.c:4883:19:HAL_TIM_ConfigTI1Input	24	static
stm32h7xx_hal_tim.c:4915:19:HAL_TIM_SlaveConfigSynchro	16	static
stm32h7xx_hal_tim.c:4955:19:HAL_TIM_SlaveConfigSynchro_IT	16	static
stm32h7xx_hal_tim.c:4998:10:HAL_TIM_ReadCapturedValue	24	static
stm32h7xx_hal_tim.c:5082:13:HAL_TIM_PeriodElapsedCallback	16	static
stm32h7xx_hal_tim.c:5097:13:HAL_TIM_PeriodElapsedHalfCpltCallback	16	static
stm32h7xx_hal_tim.c:5112:13:HAL_TIM_OC_DelayElapsedCallback	16	static
stm32h7xx_hal_tim.c:5127:13:HAL_TIM_IC_CaptureCallback	16	static
stm32h7xx_hal_tim.c:5142:13:HAL_TIM_IC_CaptureHalfCpltCallback	16	static
stm32h7xx_hal_tim.c:5157:13:HAL_TIM_PWM_PulseFinishedCallback	16	static
stm32h7xx_hal_tim.c:5172:13:HAL_TIM_PWM_PulseFinishedHalfCpltCallback	16	static
stm32h7xx_hal_tim.c:5187:13:HAL_TIM_TriggerCallback	16	static
stm32h7xx_hal_tim.c:5202:13:HAL_TIM_TriggerHalfCpltCallback	16	static
stm32h7xx_hal_tim.c:5217:13:HAL_TIM_ErrorCallback	16	static
stm32h7xx_hal_tim.c:5744:22:HAL_TIM_Base_GetState	16	static
stm32h7xx_hal_tim.c:5754:22:HAL_TIM_OC_GetState	16	static
stm32h7xx_hal_tim.c:5764:22:HAL_TIM_PWM_GetState	16	static
stm32h7xx_hal_tim.c:5774:22:HAL_TIM_IC_GetState	16	static
stm32h7xx_hal_tim.c:5784:22:HAL_TIM_OnePulse_GetState	16	static
stm32h7xx_hal_tim.c:5794:22:HAL_TIM_Encoder_GetState	16	static
stm32h7xx_hal_tim.c:5816:6:TIM_DMAError	24	static
stm32h7xx_hal_tim.c:5834:6:TIM_DMADelayPulseCplt	24	static
stm32h7xx_hal_tim.c:5875:6:TIM_DMADelayPulseHalfCplt	24	static
stm32h7xx_hal_tim.c:5916:6:TIM_DMACaptureCplt	24	static
stm32h7xx_hal_tim.c:5957:6:TIM_DMACaptureHalfCplt	24	static
stm32h7xx_hal_tim.c:5998:13:TIM_DMAPeriodElapsedCplt	24	static
stm32h7xx_hal_tim.c:6016:13:TIM_DMAPeriodElapsedHalfCplt	24	static
stm32h7xx_hal_tim.c:6034:13:TIM_DMATriggerCplt	24	static
stm32h7xx_hal_tim.c:6052:13:TIM_DMATriggerHalfCplt	24	static
stm32h7xx_hal_tim.c:6071:6:TIM_Base_SetConfig	24	static
stm32h7xx_hal_tim.c:6119:13:TIM_OC1_SetConfig	32	static
stm32h7xx_hal_tim.c:6194:6:TIM_OC2_SetConfig	32	static
stm32h7xx_hal_tim.c:6270:13:TIM_OC3_SetConfig	32	static
stm32h7xx_hal_tim.c:6344:13:TIM_OC4_SetConfig	32	static
stm32h7xx_hal_tim.c:6404:13:TIM_OC5_SetConfig	32	static
stm32h7xx_hal_tim.c:6457:13:TIM_OC6_SetConfig	32	static
stm32h7xx_hal_tim.c:6511:26:TIM_SlaveTimer_SetConfig	32	static
stm32h7xx_hal_tim.c:6647:6:TIM_TI1_SetConfig	32	static
stm32h7xx_hal_tim.c:6694:13:TIM_TI1_ConfigInputStage	32	static
stm32h7xx_hal_tim.c:6737:13:TIM_TI2_SetConfig	32	static
stm32h7xx_hal_tim.c:6777:13:TIM_TI2_ConfigInputStage	32	static
stm32h7xx_hal_tim.c:6820:13:TIM_TI3_SetConfig	32	static
stm32h7xx_hal_tim.c:6868:13:TIM_TI4_SetConfig	32	static
stm32h7xx_hal_tim.c:6916:13:TIM_ITRx_SetConfig	24	static
stm32h7xx_hal_tim.c:6946:6:TIM_ETR_SetConfig	32	static
stm32h7xx_hal_tim.c:6978:6:TIM_CCxChannelCmd	32	static
