stm32h7xx_ll_adc.h:2322:22:LL_ADC_SetCommonClock	16	static
stm32h7xx_ll_adc.h:2390:22:LL_ADC_SetCommonPathInternalCh	16	static
stm32h7xx_ll_adc.h:2412:26:LL_ADC_GetCommonPathInternalCh	16	static
stm32h7xx_ll_adc.h:2795:22:LL_ADC_SetOffset	24	static
stm32h7xx_ll_adc.h:2916:22:LL_ADC_SetDataRightShift	24	static
stm32h7xx_ll_adc.h:2958:22:LL_ADC_SetOffsetSignedSaturation	24	static
stm32h7xx_ll_adc.h:3110:26:LL_ADC_REG_IsTriggerSourceSWStart	16	static
stm32h7xx_ll_adc.h:3405:22:LL_ADC_REG_SetSequencerRanks	24	static
stm32h7xx_ll_adc.h:3758:26:LL_ADC_INJ_IsTriggerSourceSWStart	16	static
stm32h7xx_ll_adc.h:4452:22:LL_ADC_SetChannelSamplingTime	24	static
stm32h7xx_ll_adc.h:4598:22:LL_ADC_SetChannelSingleDiff	24	static
stm32h7xx_ll_adc.h:4795:22:LL_ADC_SetAnalogWDMonitChannels	24	static
stm32h7xx_ll_adc.h:5376:26:LL_ADC_GetMultimode	16	static
stm32h7xx_ll_adc.h:5467:26:LL_ADC_GetMultiDMATransfer	16	static
stm32h7xx_ll_adc.h:5593:22:LL_ADC_DisableDeepPowerDown	16	static
stm32h7xx_ll_adc.h:5607:26:LL_ADC_IsDeepPowerDownEnabled	16	static
stm32h7xx_ll_adc.h:5626:22:LL_ADC_EnableInternalRegulator	16	static
stm32h7xx_ll_adc.h:5656:26:LL_ADC_IsInternalRegulatorEnabled	16	static
stm32h7xx_ll_adc.h:5677:22:LL_ADC_Enable	16	static
stm32h7xx_ll_adc.h:5697:22:LL_ADC_Disable	16	static
stm32h7xx_ll_adc.h:5716:26:LL_ADC_IsEnabled	16	static
stm32h7xx_ll_adc.h:5727:26:LL_ADC_IsDisableOngoing	16	static
stm32h7xx_ll_adc.h:5812:22:LL_ADC_REG_StartConversion	16	static
stm32h7xx_ll_adc.h:5832:22:LL_ADC_REG_StopConversion	16	static
stm32h7xx_ll_adc.h:5848:26:LL_ADC_REG_IsConversionOngoing	16	static
stm32h7xx_ll_adc.h:6027:22:LL_ADC_INJ_StopConversion	16	static
stm32h7xx_ll_adc.h:6043:26:LL_ADC_INJ_IsConversionOngoing	16	static
stm32h7xx_ll_adc.h:6449:22:LL_ADC_ClearFlag_AWD1	16	static
stm32h7xx_ll_adc.h:6460:22:LL_ADC_ClearFlag_AWD2	16	static
stm32h7xx_ll_adc.h:6471:22:LL_ADC_ClearFlag_AWD3	16	static
stm32h7xx_ll_adc.h:6842:22:LL_ADC_EnableIT_AWD1	16	static
stm32h7xx_ll_adc.h:6853:22:LL_ADC_EnableIT_AWD2	16	static
stm32h7xx_ll_adc.h:6864:22:LL_ADC_EnableIT_AWD3	16	static
stm32h7xx_ll_adc.h:6963:22:LL_ADC_DisableIT_AWD1	16	static
stm32h7xx_ll_adc.h:6974:22:LL_ADC_DisableIT_AWD2	16	static
stm32h7xx_ll_adc.h:6985:22:LL_ADC_DisableIT_AWD3	16	static
stm32h7xx_hal_adc.c:406:19:HAL_ADC_Init	48	static
stm32h7xx_hal_adc.c:726:19:HAL_ADC_DeInit	32	static
stm32h7xx_hal_adc.c:936:13:HAL_ADC_MspInit	16	static
stm32h7xx_hal_adc.c:953:13:HAL_ADC_MspDeInit	16	static
stm32h7xx_hal_adc.c:1238:19:HAL_ADC_Start	32	static
stm32h7xx_hal_adc.c:1359:19:HAL_ADC_Stop	24	static
stm32h7xx_hal_adc.c:1413:19:HAL_ADC_PollForConversion	40	static
stm32h7xx_hal_adc.c:1572:19:HAL_ADC_PollForEvent	32	static
stm32h7xx_hal_adc.c:1717:19:HAL_ADC_Start_IT	32	static
stm32h7xx_hal_adc.c:1892:19:HAL_ADC_Stop_IT	24	static
stm32h7xx_hal_adc.c:1945:19:HAL_ADC_Start_DMA	32	static
stm32h7xx_hal_adc.c:2076:19:HAL_ADC_Stop_DMA	24	static
stm32h7xx_hal_adc.c:2161:10:HAL_ADC_GetValue	16	static
stm32h7xx_hal_adc.c:2178:6:HAL_ADC_IRQHandler	48	static
stm32h7xx_hal_adc.c:2536:13:HAL_ADC_ConvCpltCallback	16	static
stm32h7xx_hal_adc.c:2551:13:HAL_ADC_ConvHalfCpltCallback	16	static
stm32h7xx_hal_adc.c:2566:13:HAL_ADC_LevelOutOfWindowCallback	16	static
stm32h7xx_hal_adc.c:2588:13:HAL_ADC_ErrorCallback	16	static
stm32h7xx_hal_adc.c:2634:19:HAL_ADC_ConfigChannel	112	static,ignoring_inline_asm
stm32h7xx_hal_adc.c:2881:19:HAL_ADC_AnalogWDGConfig	72	static,ignoring_inline_asm
stm32h7xx_hal_adc.c:3152:10:HAL_ADC_GetState	16	static
stm32h7xx_hal_adc.c:3166:10:HAL_ADC_GetError	16	static
stm32h7xx_hal_adc.c:3196:19:ADC_ConversionStop	40	static
stm32h7xx_hal_adc.c:3326:19:ADC_Enable	24	static
stm32h7xx_hal_adc.c:3401:19:ADC_Disable	24	static
stm32h7xx_hal_adc.c:3459:6:ADC_DMAConvCplt	24	static
stm32h7xx_hal_adc.c:3537:6:ADC_DMAHalfConvCplt	24	static
stm32h7xx_hal_adc.c:3555:6:ADC_DMAError	24	static
stm32h7xx_hal_adc.c:3581:6:ADC_ConfigureBoostMode	24	static
