stm32h7xx_hal_spi.c:234:19:HAL_SPI_Init	24	static
stm32h7xx_hal_spi.c:446:19:HAL_SPI_DeInit	16	static
stm32h7xx_hal_spi.c:490:13:HAL_SPI_MspInit	16	static
stm32h7xx_hal_spi.c:506:13:HAL_SPI_MspDeInit	16	static
stm32h7xx_hal_spi.c:777:19:HAL_SPI_Transmit	40	static
stm32h7xx_hal_spi.c:984:19:HAL_SPI_Receive	40	static
stm32h7xx_hal_spi.c:1205:19:HAL_SPI_TransmitReceive	56	static
stm32h7xx_hal_spi.c:1473:19:HAL_SPI_Transmit_IT	32	static
stm32h7xx_hal_spi.c:1557:19:HAL_SPI_Receive_IT	32	static
stm32h7xx_hal_spi.c:1654:19:HAL_SPI_TransmitReceive_IT	32	static
stm32h7xx_hal_spi.c:1947:19:HAL_SPI_Transmit_DMA	32	static
stm32h7xx_hal_spi.c:2090:19:HAL_SPI_Receive_DMA	32	static
stm32h7xx_hal_spi.c:2240:19:HAL_SPI_TransmitReceive_DMA	32	static
stm32h7xx_hal_spi.c:2434:19:HAL_SPI_Abort	24	static
stm32h7xx_hal_spi.c:2543:19:HAL_SPI_Abort_IT	32	static
stm32h7xx_hal_spi.c:2664:19:HAL_SPI_DMAPause	16	static
stm32h7xx_hal_spi.c:2679:19:HAL_SPI_DMAResume	16	static
stm32h7xx_hal_spi.c:2694:19:HAL_SPI_DMAStop	16	static
stm32h7xx_hal_spi.c:2708:6:HAL_SPI_IRQHandler	40	static
stm32h7xx_hal_spi.c:2951:13:HAL_SPI_TxCpltCallback	16	static
stm32h7xx_hal_spi.c:2967:13:HAL_SPI_RxCpltCallback	16	static
stm32h7xx_hal_spi.c:2983:13:HAL_SPI_TxRxCpltCallback	16	static
stm32h7xx_hal_spi.c:2999:13:HAL_SPI_TxHalfCpltCallback	16	static
stm32h7xx_hal_spi.c:3015:13:HAL_SPI_RxHalfCpltCallback	16	static
stm32h7xx_hal_spi.c:3031:13:HAL_SPI_TxRxHalfCpltCallback	16	static
stm32h7xx_hal_spi.c:3047:13:HAL_SPI_ErrorCallback	16	static
stm32h7xx_hal_spi.c:3065:13:HAL_SPI_AbortCpltCallback	16	static
stm32h7xx_hal_spi.c:3100:22:HAL_SPI_GetState	16	static
stm32h7xx_hal_spi.c:3112:10:HAL_SPI_GetError	16	static
stm32h7xx_hal_spi.c:3137:13:SPI_DMATransmitCplt	24	static
stm32h7xx_hal_spi.c:3165:13:SPI_DMAReceiveCplt	24	static
stm32h7xx_hal_spi.c:3193:13:SPI_DMATransmitReceiveCplt	24	static
stm32h7xx_hal_spi.c:3221:13:SPI_DMAHalfTransmitCplt	24	static
stm32h7xx_hal_spi.c:3238:13:SPI_DMAHalfReceiveCplt	24	static
stm32h7xx_hal_spi.c:3255:13:SPI_DMAHalfTransmitReceiveCplt	24	static
stm32h7xx_hal_spi.c:3272:13:SPI_DMAError	24	static
stm32h7xx_hal_spi.c:3298:13:SPI_DMAAbortOnError	24	static
stm32h7xx_hal_spi.c:3322:13:SPI_DMATxAbortCallback	24	static
stm32h7xx_hal_spi.c:3359:13:SPI_DMARxAbortCallback	24	static
stm32h7xx_hal_spi.c:3394:13:SPI_RxISR_8BIT	16	static
stm32h7xx_hal_spi.c:3431:13:SPI_RxISR_16BIT	16	static
stm32h7xx_hal_spi.c:3468:13:SPI_RxISR_32BIT	16	static
stm32h7xx_hal_spi.c:3505:13:SPI_TxISR_8BIT	16	static
stm32h7xx_hal_spi.c:3541:13:SPI_TxISR_16BIT	16	static
stm32h7xx_hal_spi.c:3577:13:SPI_TxISR_32BIT	16	static
stm32h7xx_hal_spi.c:3613:13:SPI_AbortTransfer	16	static
stm32h7xx_hal_spi.c:3651:13:SPI_CloseTransfer	24	static
stm32h7xx_hal_spi.c:3727:26:SPI_WaitOnFlagUntilTimeout	24	static
stm32h7xx_hal_spi.c:3748:17:SPI_GetPacketSize	24	static
