stm32h7xx_hal_rcc_ex.c:107:19:HAL_RCCEx_PeriphCLKConfig	32	static
stm32h7xx_hal_rcc_ex.c:1364:6:HAL_RCCEx_GetPeriphCLKConfig	16	static
stm32h7xx_hal_rcc_ex.c:1485:10:HAL_RCCEx_GetPeriphCLKFreq	72	static
stm32h7xx_hal_rcc_ex.c:1960:10:HAL_RCCEx_GetD1PCLK1Freq	8	static
stm32h7xx_hal_rcc_ex.c:1972:10:HAL_RCCEx_GetD3PCLK1Freq	8	static
stm32h7xx_hal_rcc_ex.c:1991:6:HAL_RCCEx_GetPLL2ClockFreq	40	static
stm32h7xx_hal_rcc_ex.c:2060:6:HAL_RCCEx_GetPLL3ClockFreq	40	static
stm32h7xx_hal_rcc_ex.c:2128:6:HAL_RCCEx_GetPLL1ClockFreq	40	static
stm32h7xx_hal_rcc_ex.c:2189:10:HAL_RCCEx_GetD1SysClockFreq	8	static
stm32h7xx_hal_rcc_ex.c:2202:6:HAL_RCCEx_EnableLSECSS	4	static
stm32h7xx_hal_rcc_ex.c:2212:6:HAL_RCCEx_DisableLSECSS	4	static
stm32h7xx_hal_rcc_ex.c:2229:6:HAL_RCCEx_WakeUpStopCLKConfig	16	static
stm32h7xx_hal_rcc_ex.c:2244:6:HAL_RCCEx_KerWakeUpStopCLKConfig	16	static
stm32h7xx_hal_rcc_ex.c:2298:6:HAL_RCCEx_WWDGxSysResetConfig	16	static
stm32h7xx_hal_rcc_ex.c:2376:6:HAL_RCCEx_CRSConfig	24	static
stm32h7xx_hal_rcc_ex.c:2426:6:HAL_RCCEx_CRSSoftwareSynchronizationGenerate	4	static
stm32h7xx_hal_rcc_ex.c:2436:6:HAL_RCCEx_CRSGetSynchronizationInfo	16	static
stm32h7xx_hal_rcc_ex.c:2469:10:HAL_RCCEx_CRSWaitSynchronization	24	static
stm32h7xx_hal_rcc_ex.c:2552:6:HAL_RCCEx_CRS_IRQHandler	24	static
stm32h7xx_hal_rcc_ex.c:2617:13:HAL_RCCEx_CRS_SyncOkCallback	4	static
stm32h7xx_hal_rcc_ex.c:2628:13:HAL_RCCEx_CRS_SyncWarnCallback	4	static
stm32h7xx_hal_rcc_ex.c:2639:13:HAL_RCCEx_CRS_ExpectedSyncCallback	4	static
stm32h7xx_hal_rcc_ex.c:2655:13:HAL_RCCEx_CRS_ErrorCallback	16	static
stm32h7xx_hal_rcc_ex.c:2689:26:RCCEx_PLL2_Config	24	static
stm32h7xx_hal_rcc_ex.c:2794:26:RCCEx_PLL3_Config	24	static
