cmsis_os.c:146:31:makeFreeRtosPriority	24	static
cmsis_os.c:159:19:makeCmsisPriority	24	static
cmsis_os.c:173:12:inHandlerMode	16	static,ignoring_inline_asm
cmsis_os.c:193:10:osKernelStart	8	static
cmsis_os.c:208:9:osKernelRunning	8	static
cmsis_os.c:227:10:osKernelSysTick	8	static
cmsis_os.c:245:12:osThreadCreate	56	static
cmsis_os.c:283:12:osThreadGetId	8	static
cmsis_os.c:298:10:osThreadTerminate	16	static
cmsis_os.c:313:10:osThreadYield	4	static,ignoring_inline_asm
cmsis_os.c:327:10:osThreadSetPriority	16	static
cmsis_os.c:343:12:osThreadGetPriority	16	static
cmsis_os.c:365:10:osDelay	24	static
cmsis_os.c:400:11:osTimerCreate	24	static
cmsis_os.c:447:10:osTimerStart	24	static
cmsis_os.c:486:10:osTimerStop	24	static
cmsis_os.c:515:10:osTimerDelete	24	static
cmsis_os.c:545:9:osSignalSet	32	static,ignoring_inline_asm
cmsis_os.c:586:9:osSignalWait	48	static
cmsis_os.c:640:11:osMutexCreate	16	static
cmsis_os.c:669:10:osMutexWait	24	static,ignoring_inline_asm
cmsis_os.c:709:10:osMutexRelease	24	static,ignoring_inline_asm
cmsis_os.c:733:10:osMutexDelete	16	static
cmsis_os.c:755:15:osSemaphoreCreate	32	static
cmsis_os.c:822:9:osSemaphoreWait	24	static,ignoring_inline_asm
cmsis_os.c:862:10:osSemaphoreRelease	24	static,ignoring_inline_asm
cmsis_os.c:889:10:osSemaphoreDelete	16	static
cmsis_os.c:926:10:osPoolCreate	32	static
cmsis_os.c:979:7:osPoolAlloc	48	static,ignoring_inline_asm
cmsis_os.c:1023:7:osPoolCAlloc	24	static
cmsis_os.c:1042:10:osPoolFree	24	static
cmsis_os.c:1086:14:osMessageCreate	32	static
cmsis_os.c:1113:10:osMessagePut	32	static,ignoring_inline_asm
cmsis_os.c:1145:9:osMessageGet	56	static,ignoring_inline_asm
cmsis_os.c:1214:11:osMailCreate	40	static
cmsis_os.c:1260:7:osMailAlloc	24	static
cmsis_os.c:1282:7:osMailCAlloc	24	static
cmsis_os.c:1303:10:osMailPut	24	static,ignoring_inline_asm
cmsis_os.c:1336:9:osMailGet	56	static,ignoring_inline_asm
cmsis_os.c:1392:10:osMailFree	16	static
cmsis_os.c:1408:6:osSystickHandler	8	static
cmsis_os.c:1478:10:osThreadSuspend	16	static
cmsis_os.c:1494:10:osThreadResume	16	static,ignoring_inline_asm
cmsis_os.c:1518:10:osThreadSuspendAll	8	static
cmsis_os.c:1529:10:osThreadResumeAll	8	static
cmsis_os.c:1546:10:osDelayUntil	16	static
cmsis_os.c:1566:10:osAbortDelay	16	static
cmsis_os.c:1587:10:osThreadList	16	static
cmsis_os.c:1601:9:osMessagePeek	48	static
cmsis_os.c:1642:10:osMessageWaiting	16	static
cmsis_os.c:1658:10:osMessageAvailableSpace	16	static
cmsis_os.c:1668:10:osMessageDelete	16	static
cmsis_os.c:1684:11:osRecursiveMutexCreate	16	static
cmsis_os.c:1710:10:osRecursiveMutexRelease	16	static
cmsis_os.c:1731:10:osRecursiveMutexWait	16	static
cmsis_os.c:1770:10:osSemaphoreGetCount	16	static
