stm32f4xx_hal_pcd.c:123:19:HAL_PCD_Init	80	static
stm32f4xx_hal_pcd.c:244:19:HAL_PCD_DeInit	16	static
stm32f4xx_hal_pcd.c:280:13:HAL_PCD_MspInit	16	static
stm32f4xx_hal_pcd.c:295:13:HAL_PCD_MspDeInit	16	static
stm32f4xx_hal_pcd.c:990:19:HAL_PCD_Start	24	static
stm32f4xx_hal_pcd.c:1016:19:HAL_PCD_Stop	16	static
stm32f4xx_hal_pcd.c:1038:6:HAL_PCD_IRQHandler	64	static
stm32f4xx_hal_pcd.c:1425:13:HAL_PCD_DataOutStageCallback	16	static
stm32f4xx_hal_pcd.c:1442:13:HAL_PCD_DataInStageCallback	16	static
stm32f4xx_hal_pcd.c:1457:13:HAL_PCD_SetupStageCallback	16	static
stm32f4xx_hal_pcd.c:1472:13:HAL_PCD_SOFCallback	16	static
stm32f4xx_hal_pcd.c:1487:13:HAL_PCD_ResetCallback	16	static
stm32f4xx_hal_pcd.c:1502:13:HAL_PCD_SuspendCallback	16	static
stm32f4xx_hal_pcd.c:1517:13:HAL_PCD_ResumeCallback	16	static
stm32f4xx_hal_pcd.c:1533:13:HAL_PCD_ISOOUTIncompleteCallback	16	static
stm32f4xx_hal_pcd.c:1550:13:HAL_PCD_ISOINIncompleteCallback	16	static
stm32f4xx_hal_pcd.c:1566:13:HAL_PCD_ConnectCallback	16	static
stm32f4xx_hal_pcd.c:1581:13:HAL_PCD_DisconnectCallback	16	static
stm32f4xx_hal_pcd.c:1615:19:HAL_PCD_DevConnect	24	static
stm32f4xx_hal_pcd.c:1640:19:HAL_PCD_DevDisconnect	16	static
stm32f4xx_hal_pcd.c:1654:19:HAL_PCD_SetAddress	16	static
stm32f4xx_hal_pcd.c:1670:19:HAL_PCD_EP_Open	24	static
stm32f4xx_hal_pcd.c:1714:19:HAL_PCD_EP_Close	24	static
stm32f4xx_hal_pcd.c:1745:19:HAL_PCD_EP_Receive	32	static
stm32f4xx_hal_pcd.c:1781:10:HAL_PCD_EP_GetRxCount	16	static
stm32f4xx_hal_pcd.c:1793:19:HAL_PCD_EP_Transmit	32	static
stm32f4xx_hal_pcd.c:1829:19:HAL_PCD_EP_SetStall	24	static
stm32f4xx_hal_pcd.c:1870:19:HAL_PCD_EP_ClrStall	24	static
stm32f4xx_hal_pcd.c:1906:19:HAL_PCD_EP_Flush	16	static
stm32f4xx_hal_pcd.c:1929:19:HAL_PCD_ActivateRemoteWakeup	16	static
stm32f4xx_hal_pcd.c:1939:19:HAL_PCD_DeActivateRemoteWakeup	16	static
stm32f4xx_hal_pcd.c:1968:18:HAL_PCD_GetState	16	static
stm32f4xx_hal_pcd.c:1992:26:PCD_WriteEmptyTxFifo	48	static
stm32f4xx_hal_pcd.c:2052:26:PCD_EP_OutXfrComplete_int	32	static
stm32f4xx_hal_pcd.c:2157:26:PCD_EP_OutSetupPacket_int	32	static
