stm32f4xx_ll_usb.c:82:19:USB_CoreInit	24	static
stm32f4xx_ll_usb.c:138:19:USB_SetTurnaroundTime	32	static
stm32f4xx_ll_usb.c:221:19:USB_EnableGlobalInt	16	static
stm32f4xx_ll_usb.c:233:19:USB_DisableGlobalInt	16	static
stm32f4xx_ll_usb.c:249:19:USB_SetCurrentMode	16	static
stm32f4xx_ll_usb.c:278:19:USB_DevInit	32	static
stm32f4xx_ll_usb.c:454:19:USB_FlushTxFifo	24	static
stm32f4xx_ll_usb.c:477:19:USB_FlushRxFifo	24	static
stm32f4xx_ll_usb.c:506:19:USB_SetDevSpeed	24	static
stm32f4xx_ll_usb.c:522:9:USB_GetDevSpeed	32	static
stm32f4xx_ll_usb.c:551:19:USB_ActivateEndpoint	24	static
stm32f4xx_ll_usb.c:589:19:USB_ActivateDedicatedEndpoint	24	static
stm32f4xx_ll_usb.c:628:19:USB_DeactivateEndpoint	24	static
stm32f4xx_ll_usb.c:675:19:USB_DeactivateDedicatedEndpoint	24	static
stm32f4xx_ll_usb.c:717:19:USB_EPStartXfer	48	static
stm32f4xx_ll_usb.c:859:19:USB_EP0StartXfer	32	static
stm32f4xx_ll_usb.c:959:19:USB_WritePacket	40	static
stm32f4xx_ll_usb.c:985:7:USB_ReadPacket	40	static
stm32f4xx_ll_usb.c:1007:19:USB_EPSetStall	24	static
stm32f4xx_ll_usb.c:1038:19:USB_EPClearStall	24	static
stm32f4xx_ll_usb.c:1067:19:USB_StopDevice	32	static
stm32f4xx_ll_usb.c:1108:20:USB_SetDevAddress	24	static
stm32f4xx_ll_usb.c:1123:20:USB_DevConnect	24	static
stm32f4xx_ll_usb.c:1138:20:USB_DevDisconnect	24	static
stm32f4xx_ll_usb.c:1153:11:USB_ReadInterrupts	24	static
stm32f4xx_ll_usb.c:1168:10:USB_ReadDevAllOutEpInterrupt	24	static
stm32f4xx_ll_usb.c:1184:10:USB_ReadDevAllInEpInterrupt	24	static
stm32f4xx_ll_usb.c:1202:10:USB_ReadDevOutEPInterrupt	24	static
stm32f4xx_ll_usb.c:1220:10:USB_ReadDevInEPInterrupt	32	static
stm32f4xx_ll_usb.c:1239:7:USB_ClearInterrupts	16	static
stm32f4xx_ll_usb.c:1252:10:USB_GetMode	16	static
stm32f4xx_ll_usb.c:1262:20:USB_ActivateSetup	24	static
stm32f4xx_ll_usb.c:1284:19:USB_EP0_OutStart	32	static
stm32f4xx_ll_usb.c:1317:26:USB_CoreReset	24	static
stm32f4xx_ll_usb.c:1355:19:USB_HostInit	24	static
stm32f4xx_ll_usb.c:1460:19:USB_InitFSLSPClkSel	24	static
stm32f4xx_ll_usb.c:1490:19:USB_ResetPort	24	static
stm32f4xx_ll_usb.c:1517:19:USB_DriveVbus	24	static
stm32f4xx_ll_usb.c:1547:10:USB_GetHostSpeed	24	static
stm32f4xx_ll_usb.c:1561:10:USB_GetCurrentFrame	24	static
stm32f4xx_ll_usb.c:1592:19:USB_HC_Init	32	static
stm32f4xx_ll_usb.c:1713:19:USB_HC_StartXfer	56	static
stm32f4xx_ll_usb.c:1841:10:USB_HC_ReadInterrupt	24	static
stm32f4xx_ll_usb.c:1855:19:USB_HC_Halt	32	static
stm32f4xx_ll_usb.c:1920:19:USB_DoPing	32	static
stm32f4xx_ll_usb.c:1944:19:USB_StopHost	32	static
stm32f4xx_ll_usb.c:2000:19:USB_ActivateRemoteWakeup	24	static
stm32f4xx_ll_usb.c:2018:19:USB_DeActivateRemoteWakeup	24	static
