main.c:82:6:EXTI0_IRQHandler	8	static
main.c:94:6:EXTI1_IRQHandler	8	static
main.c:106:6:EXTI9_5_IRQHandler	8	static
main.c:129:5:main	248	static
main.c:254:6:startAccelerometerTask	32	static
main.c:279:6:startGyroscopeTask	72	static
main.c:307:6:startMagnetometerTask	72	static
main.c:360:6:startRCTask	16	static
main.c:416:6:startPWMTask	24	static
main.c:428:6:startControllerTask	40	static
main.c:495:6:startHeartbeatTask	16	static
main.c:507:6:SystemClock_Config	88	static
main.c:550:13:MX_I2C1_Init	8	static
main.c:584:13:MX_I2C3_Init	8	static
main.c:618:13:MX_SPI1_Init	8	static
main.c:656:13:MX_SPI2_Init	8	static
main.c:694:13:MX_SPI3_Init	8	static
main.c:732:13:MX_USART1_UART_Init	8	static
main.c:765:13:MX_USART2_UART_Init	8	static
main.c:798:13:MX_USART3_UART_Init	8	static
main.c:831:13:MX_GPIO_Init	48	static
main.c:912:6:HAL_TIM_PeriodElapsedCallback	16	static
main.c:929:6:Error_Handler	4	static
