main.c:35:6:printDebug	16	static
main.c:39:5:main	24	static
main.c:80:6:SystemClock_Config	312	static
main.c:165:13:MX_ADC3_Init	40	static
main.c:221:13:MX_I2C1_Init	8	static
main.c:267:13:MX_I2C2_Init	8	static
main.c:313:13:MX_I2C3_Init	8	static
main.c:359:13:MX_SPI1_Init	8	static
main.c:407:13:MX_TIM4_Init	40	static
main.c:467:13:MX_UART4_Init	8	static
main.c:515:13:MX_UART5_Init	8	static
main.c:563:13:MX_USART1_UART_Init	8	static
main.c:611:13:MX_USART2_UART_Init	8	static
main.c:659:13:MX_USART3_UART_Init	8	static
main.c:707:13:MX_GPIO_Init	48	static
main.c:767:6:Error_Handler	4	static
