main.c:43:6:printDebug	16	static
main.c:47:5:main	208	static
main.c:132:6:SystemClock_Config	312	static
main.c:217:13:MX_ADC3_Init	40	static
main.c:273:13:MX_I2C1_Init	8	static
main.c:319:13:MX_I2C2_Init	8	static
main.c:365:13:MX_I2C3_Init	8	static
main.c:411:13:MX_SPI1_Init	8	static
main.c:459:13:MX_TIM4_Init	40	static
main.c:519:13:MX_UART4_Init	8	static
main.c:567:13:MX_UART5_Init	8	static
main.c:615:13:MX_USART1_UART_Init	8	static
main.c:663:13:MX_USART2_UART_Init	8	static
main.c:711:13:MX_USART3_UART_Init	8	static
main.c:759:13:MX_GPIO_Init	48	static
main.c:819:6:Error_Handler	4	static
